
 Ansys Mechanical Enterprise                       


 *------------------------------------------------------------------*
 |                                                                  |
 |   W E L C O M E   T O   T H E   A N S Y S (R)  P R O G R A M     |
 |                                                                  |
 *------------------------------------------------------------------*




 ***************************************************************
 *         ANSYS MAPDL 2026 R1.03       LEGAL NOTICES          *
 ***************************************************************
 *                                                             *
 * Copyright (c) 2026 Synopsys, Inc. and ANSYS, Inc.           *
 * All rights reserved.                                        *
 * Unauthorized use, distribution or duplication is            *
 * prohibited.                                                 *
 *                                                             *
 * Ansys is a registered trademark of Ansys, Inc. or its       *
 * subsidiaries in the United States or other countries.       *
 * See the Ansys, Inc. online documentation or the Ansys, Inc. *
 * documentation CD or online help for the complete Legal      *
 * Notice.                                                     *
 *                                                             *
 ***************************************************************
 *                                                             *
 * THIS ANSYS SOFTWARE PRODUCT AND PROGRAM DOCUMENTATION       *
 * INCLUDE TRADE SECRETS AND CONFIDENTIAL AND PROPRIETARY      *
 * PRODUCTS OF ANSYS, INC., ITS SUBSIDIARIES, OR LICENSORS.    *
 * The software products and documentation are furnished by    *
 * Ansys, Inc. or its subsidiaries under a software license    *
 * agreement that contains provisions concerning               *
 * non-disclosure, copying, length and nature of use,          *
 * compliance with exporting laws, warranties, disclaimers,    *
 * limitations of liability, and remedies, and other           *
 * provisions.  The software products and documentation may be *
 * used, disclosed, transferred, or copied only in accordance  *
 * with the terms and conditions of that software license      *
 * agreement.                                                  *
 *                                                             *
 * Ansys, Inc. is a UL registered                              *
 * ISO 9001:2015 company.                                      *
 *                                                             *
 ***************************************************************
 *                                                             *
 * This product is subject to U.S. laws governing export and   *
 * re-export.                                                  *
 *                                                             *
 * For U.S. Government users, except as specifically granted   *
 * by the Ansys, Inc. software license agreement, the use,     *
 * duplication, or disclosure by the United States Government  *
 * is subject to restrictions stated in the Ansys, Inc.        *
 * software license agreement and FAR 12.212 (for non-DOD      *
 * licenses).                                                  *
 *                                                             *
 ***************************************************************

 2026 R1.03  
     
 Point Releases and Patches installed:   
     
 Ansys Service Pack 2026 R1.01   
 Ansys Service Pack 2026 R1.02   
 Ansys Service Pack 2026 R1.03   
 Ansys, Inc. License Manager 2026 R1 
 Ansys, Inc. License Manager 2026 R1.01  
 Ansys, Inc. License Manager 2026 R1.02  
 Ansys, Inc. License Manager 2026 R1.03  
 Discovery (reduced install) 2026 R1 
 Discovery (reduced install) 2026 R1.01  
 Discovery (reduced install) 2026 R1.02  
 Discovery (reduced install) 2026 R1.03  
 Core WB Files 2026 R1   
 Core WB Files 2026 R1.01
 Core WB Files 2026 R1.02
 Core WB Files 2026 R1.03
 Additive 2026 R1
 Additive 2026 R1.01 
 Additive 2026 R1.02 
 Additive 2026 R1.03 
 optiSLang Core 2026 R1  
 optiSLang Core 2026 R1.01   
 optiSLang Core 2026 R1.02   
 optiSLang Core 2026 R1.03   
 optiSLang Core UI 2026 R1   
 optiSLang Core UI 2026 R1.01
 optiSLang Core UI 2026 R1.02
 optiSLang Core UI 2026 R1.03
 optiSLang AI 2026 R1
 optiSLang AI 2026 R1.01 
 optiSLang AI 2026 R1.02 
 optiSLang AI 2026 R1.03 
 optiSLang App Generation 2026 R1
 optiSLang App Generation 2026 R1.01 
 optiSLang App Generation 2026 R1.02 
 optiSLang App Generation 2026 R1.03 
 Behavior Execution Engine 2026 R1   
 Behavior Execution Engine 2026 R1.01
 Behavior Execution Engine 2026 R1.02
 Behavior Execution Engine 2026 R1.03
 ModelCenter 2026 R1 
 ModelCenter 2026 R1.01  
 ModelCenter 2026 R1.02  
 ModelCenter 2026 R1.03  
 ModelCenter Remote Execution 2026 R1
 ModelCenter Remote Execution 2026 R1.01 
 ModelCenter Remote Execution 2026 R1.02 
 ModelCenter Remote Execution 2026 R1.03 
 ModelCenter MBSE 2026 R1
 ModelCenter MBSE 2026 R1.01 
 ModelCenter MBSE 2026 R1.02 
 ModelCenter MBSE 2026 R1.03 
 Scade One 2026 R1   
 Scade One 2026 R1.01
 Scade One 2026 R1.02
 Scade One 2026 R1.03
 medini analyze 2026 R1  
 medini analyze 2026 R1.01   
 medini analyze 2026 R1.02   
 medini analyze 2026 R1.03   
 scaderapidprototyper archive 2026 R1
 scaderapidprototyper archive 2026 R1.01 
 scaderapidprototyper archive 2026 R1.02 
 scaderapidprototyper archive 2026 R1.03 
 Granta Selector 2026 R1 
 Granta Selector 2026 R1.01  
 Granta Selector 2026 R1.02  
 Granta Selector 2026 R1.03  
 Dynamic Reporting 2026 R1   
 Dynamic Reporting 2026 R1.01
 Dynamic Reporting 2026 R1.02
 Dynamic Reporting 2026 R1.03
 Remote Solve Manager Standalone Services 2026 R1
 Remote Solve Manager Standalone Services 2026 R1.01 
 Remote Solve Manager Standalone Services 2026 R1.02 
 Remote Solve Manager Standalone Services 2026 R1.03 
 medini analyze QKit 2026 R1 
 medini analyze QKit 2026 R1.01  
 medini analyze QKit 2026 R1.02  
 medini analyze QKit 2026 R1.03  
 Aqwa 2026 R1
 Aqwa 2026 R1.01 
 Aqwa 2026 R1.02 
 Aqwa 2026 R1.03 
 Autodyn 2026 R1 
 Autodyn 2026 R1.01  
 Autodyn 2026 R1.02  
 Autodyn 2026 R1.03  
 Customization Files for User Programmable Features 2026 R1  
 Customization Files for User Programmable Features 2026 R1.01   
 Customization Files for User Programmable Features 2026 R1.02   
 Customization Files for User Programmable Features 2026 R1.03   
 ICEM CFD 2026 R1
 ICEM CFD 2026 R1.01 
 ICEM CFD 2026 R1.02 
 ICEM CFD 2026 R1.03 
 LS-DYNA 2026 R1 
 LS-DYNA 2026 R1.01  
 LS-DYNA 2026 R1.02  
 LS-DYNA 2026 R1.03  
 Material Calibration App 2026 R1
 Material Calibration App 2026 R1.01 
 Material Calibration App 2026 R1.02 
 Material Calibration App 2026 R1.03 
 Mechanical Products 2026 R1 
 Mechanical Products 2026 R1.01  
 Mechanical Products 2026 R1.02  
 Mechanical Products 2026 R1.03  
 Motion 2026 R1  
 Motion 2026 R1.01   
 Motion 2026 R1.02   
 Motion 2026 R1.03   
 RBF Morph 2026 R1   
 RBF Morph 2026 R1.01
 RBF Morph 2026 R1.02
 RBF Morph 2026 R1.03
 Sherlock 2026 R1
 Sherlock 2026 R1.01 
 Sherlock 2026 R1.02 
 Sherlock 2026 R1.03 
 Sound - SAS 2026 R1 
 Sound - SAS 2026 R1.01  
 Sound - SAS 2026 R1.02  
 Sound - SAS 2026 R1.03  
 ACIS Geometry Interface 2026 R1 
 ACIS Geometry Interface 2026 R1.01  
 ACIS Geometry Interface 2026 R1.02  
 ACIS Geometry Interface 2026 R1.03  
 AutoCAD Geometry Interface 2026 R1  
 AutoCAD Geometry Interface 2026 R1.01   
 AutoCAD Geometry Interface 2026 R1.02   
 AutoCAD Geometry Interface 2026 R1.03   
 Catia, Version 4 Geometry Interface 2026 R1 
 Catia, Version 4 Geometry Interface 2026 R1.01  
 Catia, Version 4 Geometry Interface 2026 R1.02  
 Catia, Version 4 Geometry Interface 2026 R1.03  
 Catia, Version 5 Geometry Interface 2026 R1 
 Catia, Version 5 Geometry Interface 2026 R1.01  
 Catia, Version 5 Geometry Interface 2026 R1.02  
 Catia, Version 5 Geometry Interface 2026 R1.03  
 Catia, Version 6 Geometry Interface 2026 R1 
 Catia, Version 6 Geometry Interface 2026 R1.01  
 Catia, Version 6 Geometry Interface 2026 R1.02  
 Catia, Version 6 Geometry Interface 2026 R1.03  
 Creo Elements/Direct Modeling Geometry Interface 2026 R1
 Creo Elements/Direct Modeling Geometry Interface 2026 R1.01 
 Creo Elements/Direct Modeling Geometry Interface 2026 R1.02 
 Creo Elements/Direct Modeling Geometry Interface 2026 R1.03 
 Creo Parametric Geometry Interface 2026 R1  
 Creo Parametric Geometry Interface 2026 R1.01   
 Creo Parametric Geometry Interface 2026 R1.02   
 Creo Parametric Geometry Interface 2026 R1.03   
 Inventor Geometry Interface 2026 R1 
 Inventor Geometry Interface 2026 R1.01  
 Inventor Geometry Interface 2026 R1.02  
 Inventor Geometry Interface 2026 R1.03  
 JTOpen Geometry Interface 2026 R1   
 JTOpen Geometry Interface 2026 R1.01
 JTOpen Geometry Interface 2026 R1.02
 JTOpen Geometry Interface 2026 R1.03
 NX Geometry Interface 2026 R1   
 NX Geometry Interface 2026 R1.01
 NX Geometry Interface 2026 R1.02
 NX Geometry Interface 2026 R1.03
 Parasolid Geometry Interface  2026 R1   
 Parasolid Geometry Interface  2026 R1.01
 Parasolid Geometry Interface  2026 R1.02
 Parasolid Geometry Interface  2026 R1.03
 Solid Edge Geometry Interface 2026 R1   
 Solid Edge Geometry Interface 2026 R1.01
 Solid Edge Geometry Interface 2026 R1.02
 Solid Edge Geometry Interface 2026 R1.03
 SOLIDWORKS Geometry Interface 2026 R1   
 SOLIDWORKS Geometry Interface 2026 R1.01
 SOLIDWORKS Geometry Interface 2026 R1.02
 SOLIDWORKS Geometry Interface 2026 R1.03


          *****  MAPDL COMMAND LINE ARGUMENTS  *****
  BATCH MODE REQUESTED (-b)    = NOLIST
  INPUT FILE COPY MODE (-c)    = COPY
  DISTRIBUTED MEMORY PARALLEL REQUESTED
       4 PARALLEL PROCESSES REQUESTED WITH SINGLE THREAD PER PROCESS
    TOTAL OF     4 CORES REQUESTED
  INPUT FILE NAME              = CONIN$
  OUTPUT FILE NAME             = C:\Users\samue\OSR\OSR_cases\_ProjectScratch\Scr6C12\file3.out
  START-UP FILE MODE           = NOREAD
  STOP FILE MODE               = NOREAD

 RELEASE= 2026 R1.03           BUILD= 26.1      UP20260202   VERSION=WINDOWS x64 
 CURRENT JOBNAME=file3  11:04:01  SEP 03, 2026  Elapsed Time=       4.266


 *****  MAPDL SOLUTION ROUTINE  *****

 PRINTOUT RESUMED BY /GOP

 PRINTOUT RESUMED BY /GOP

                      L O A D   S T E P   O P T I O N S

   LOAD STEP NUMBER. . . . . . . . . . . . . . . .     1
   TIME AT END OF THE LOAD STEP. . . . . . . . . .  1.0000    
   NUMBER OF SUBSTEPS. . . . . . . . . . . . . . .     1
   STEP CHANGE BOUNDARY CONDITIONS . . . . . . . .    NO
   COPY INTEGRATION POINT VALUES TO NODE . . . . .   YES
   PRINT OUTPUT CONTROLS . . . . . . . . . . . . .NO PRINTOUT
   DATABASE OUTPUT CONTROLS
      ITEM     FREQUENCY   COMPONENT
       ALL       NONE               
      NSOL        ALL               
      RSOL        ALL               
      EANG        ALL               
      ETMP        ALL               
      VENG        ALL               
      STRS        ALL               
      EPEL        ALL               
      EPPL        ALL               
      EPTH        ALL               
      CONT        ALL               


 *** NOTE ***                            ELAPSED TIME =       5.182   TIME= 11:04:01
 Force-distributed-surface identified by real constant set 2 and         
 contact element type 2 has been set up.  The pilot node 5828 is used    
 to apply the force.  Internal MPC will be built.                        
 The used degrees of freedom set is  UX   UY   UZ   ROTX ROTY ROTZ
 Please verify constraints (including rotational degrees of freedom)
  on the pilot node by yourself.
 ****************************************
  

  
 The FEA model contains 0 external CE equations and 6 internal CE        
 equations.                                                              


  *** MASS SUMMARY BY ELEMENT TYPE ***

  TYPE      MASS
     1  0.981140E-01
 AN AVERAGE OF THE X-, Y-, AND Z-DIRECTION MASS TERMS ARE USED

   *** ELEMENT RESULT CALCULATION TIMES
     TYPE    NUMBER     ENAME   TOTAL ELAPSED   AVG ELAPSED

        1      3081  SOLID187          0.1324   0.000042975
        2        92  CONTA174          0.0000   0.000000342

   *** NODAL LOAD CALCULATION TIMES
     TYPE    NUMBER     ENAME   TOTAL ELAPSED   AVG ELAPSED

        1      3081  SOLID187          0.0305   0.000009896
        2        92  CONTA174          0.0000   0.000000000
 *** LOAD STEP     1   SUBSTEP     1  COMPLETED.    CUM ITER =      1
 *** TIME =   1.00000         TIME INC =   1.00000      NEW TRIANG MATRIX


 *** MAPDL BINARY FILE STATISTICS
  BUFFER SIZE USED= 16384
        0.812 MB WRITTEN ON RESULTS FILE: file3.rst

 FINISH SOLUTION PROCESSING


 ***** ROUTINE COMPLETED *****  ELAPSED TIME =         7.659



 PRINTOUT RESUMED BY /GOP

 PRINTOUT RESUMED BY /GOP

 /FCLEAN COMMAND REMOVING ALL LOCAL FILES


 NUMBER OF WARNING MESSAGES ENCOUNTERED=          0
 NUMBER OF ERROR   MESSAGES ENCOUNTERED=          0
